ARM Linker, 5.03 [Build 24] [MDK-ARM Professional][RL-ARM]

==============================================================================

Section Cross References

    system_stm32f10x.o(.text) refers to system_stm32f10x.o(.data) for SystemCoreClock
    main.o(.text) refers to general.o(.text) for USART3_Config
    main.o(.text) refers to manage.o(.text) for Manage::Manage()
    main.o(.ARM.exidx) refers to main.o(.text) for .text
    general.o(.text) refers to stm32f10x_rcc.o(.text) for RCC_APB2PeriphClockCmd
    general.o(.text) refers to stm32f10x_gpio.o(.text) for GPIO_Init
    general.o(.text) refers to stm32f10x_usart.o(.text) for USART_Cmd
    general.o(.text) refers to general.o(.data) for Usart1Connection
    general.o(.text) refers to system_stm32f10x.o(.data) for SystemCoreClock
    general.o(.text) refers to general.o(.bss) for MasterBuffer
    startup_stm32f10x_hd.o(RESET) refers to startup_stm32f10x_hd.o(STACK) for __initial_sp
    startup_stm32f10x_hd.o(RESET) refers to startup_stm32f10x_hd.o(.text) for Reset_Handler
    startup_stm32f10x_hd.o(RESET) refers to general.o(.text) for SysTick_Handler
    startup_stm32f10x_hd.o(.text) refers to system_stm32f10x.o(.text) for SystemInit
    startup_stm32f10x_hd.o(.text) refers to entry.o(.ARM.Collect$$$$00000000) for __main
    gate.o(.text) refers to memseta.o(.text) for __aeabi_memclr
    gate.o(.text) refers to strlen.o(.text) for strlen
    gate.o(.text) refers to general.o(.text) for UART_SendDataString
    gate.o(.ARM.exidx) refers to gate.o(.text) for .text
    stm32f10x_gpio.o(.text) refers to stm32f10x_rcc.o(.text) for RCC_APB2PeriphResetCmd
    stm32f10x_pwr.o(.text) refers to stm32f10x_rcc.o(.text) for RCC_APB1PeriphResetCmd
    stm32f10x_rcc.o(.text) refers to stm32f10x_rcc.o(.data) for APBAHBPrescTable
    stm32f10x_usart.o(.text) refers to stm32f10x_rcc.o(.text) for RCC_APB2PeriphResetCmd
    manage.o(.text) refers to gate.o(.text) for Gate::mbool_Poll()
    manage.o(.ARM.exidx) refers to manage.o(.text) for .text
    master.o(.ARM.exidx) refers to master.o(.text) for .text
    entry.o(.ARM.Collect$$$$00000000) refers (Special) to entry10a.o(.ARM.Collect$$$$0000000D) for __rt_final_cpp
    entry.o(.ARM.Collect$$$$00000000) refers (Special) to entry11a.o(.ARM.Collect$$$$0000000F) for __rt_final_exit
    entry.o(.ARM.Collect$$$$00000000) refers (Special) to entry7b.o(.ARM.Collect$$$$00000008) for _main_clock
    entry.o(.ARM.Collect$$$$00000000) refers (Special) to entry8b.o(.ARM.Collect$$$$0000000A) for _main_cpp_init
    entry.o(.ARM.Collect$$$$00000000) refers (Special) to entry9a.o(.ARM.Collect$$$$0000000B) for _main_init
    entry.o(.ARM.Collect$$$$00000000) refers (Special) to entry5.o(.ARM.Collect$$$$00000004) for _main_scatterload
    entry.o(.ARM.Collect$$$$00000000) refers (Special) to entry2.o(.ARM.Collect$$$$00000001) for _main_stk
    entry2.o(.ARM.Collect$$$$00000001) refers to entry2.o(.ARM.Collect$$$$00002712) for __lit__00000000
    entry2.o(.ARM.Collect$$$$00002712) refers to startup_stm32f10x_hd.o(STACK) for __initial_sp
    entry2.o(__vectab_stack_and_reset_area) refers to startup_stm32f10x_hd.o(STACK) for __initial_sp
    entry2.o(__vectab_stack_and_reset_area) refers to entry.o(.ARM.Collect$$$$00000000) for __main
    entry5.o(.ARM.Collect$$$$00000004) refers to init.o(.text) for __scatterload
    entry9a.o(.ARM.Collect$$$$0000000B) refers to main.o(.text) for main
    entry9b.o(.ARM.Collect$$$$0000000C) refers to main.o(.text) for main
    init.o(.text) refers to entry5.o(.ARM.Collect$$$$00000004) for __main_after_scatterload


==============================================================================

Removing Unused input sections from the image.

    Removing system_stm32f10x.o(.rev16_text), (4 bytes).
    Removing system_stm32f10x.o(.revsh_text), (4 bytes).
    Removing main.o(.rev16_text), (4 bytes).
    Removing main.o(.revsh_text), (4 bytes).
    Removing main.o(.ARM.exidx), (8 bytes).
    Removing main.o(.data), (512 bytes).
    Removing general.o(.rev16_text), (4 bytes).
    Removing general.o(.revsh_text), (4 bytes).
    Removing startup_stm32f10x_hd.o(HEAP), (2048 bytes).
    Removing rtx_conf_cm.o(.text), (10 bytes).
    Removing rtx_conf_cm.o(.bss), (1344 bytes).
    Removing rtx_conf_cm.o(.data), (4 bytes).
    Removing gate.o(.rev16_text), (4 bytes).
    Removing gate.o(.revsh_text), (4 bytes).
    Removing gate.o(.ARM.exidx), (8 bytes).
    Removing gate.o(.data), (512 bytes).
    Removing misc.o(.rev16_text), (4 bytes).
    Removing misc.o(.revsh_text), (4 bytes).
    Removing misc.o(.text), (220 bytes).
    Removing stm32f10x_dma.o(.rev16_text), (4 bytes).
    Removing stm32f10x_dma.o(.revsh_text), (4 bytes).
    Removing stm32f10x_dma.o(.text), (592 bytes).
    Removing stm32f10x_exti.o(.rev16_text), (4 bytes).
    Removing stm32f10x_exti.o(.revsh_text), (4 bytes).
    Removing stm32f10x_exti.o(.text), (284 bytes).
    Removing stm32f10x_flash.o(.rev16_text), (4 bytes).
    Removing stm32f10x_flash.o(.revsh_text), (4 bytes).
    Removing stm32f10x_flash.o(.text), (1468 bytes).
    Removing stm32f10x_gpio.o(.rev16_text), (4 bytes).
    Removing stm32f10x_gpio.o(.revsh_text), (4 bytes).
    Removing stm32f10x_pwr.o(.rev16_text), (4 bytes).
    Removing stm32f10x_pwr.o(.revsh_text), (4 bytes).
    Removing stm32f10x_pwr.o(.text), (204 bytes).
    Removing stm32f10x_rcc.o(.rev16_text), (4 bytes).
    Removing stm32f10x_rcc.o(.revsh_text), (4 bytes).
    Removing stm32f10x_rtc.o(.rev16_text), (4 bytes).
    Removing stm32f10x_rtc.o(.revsh_text), (4 bytes).
    Removing stm32f10x_rtc.o(.text), (324 bytes).
    Removing stm32f10x_usart.o(.rev16_text), (4 bytes).
    Removing stm32f10x_usart.o(.revsh_text), (4 bytes).
    Removing manage.o(.rev16_text), (4 bytes).
    Removing manage.o(.revsh_text), (4 bytes).
    Removing manage.o(.ARM.exidx), (8 bytes).
    Removing manage.o(.data), (512 bytes).
    Removing master.o(.rev16_text), (4 bytes).
    Removing master.o(.revsh_text), (4 bytes).
    Removing master.o(.text), (2 bytes).
    Removing master.o(.ARM.exidx), (8 bytes).
    Removing master.o(.data), (512 bytes).

49 unused section(s) (total 8700 bytes) removed from the image.

==============================================================================

Image Symbol Table

    Local Symbols

    Symbol Name                              Value     Ov Type        Size  Object(Section)

    ../clib/../cmprslib/zerorunl2.c          0x00000000   Number         0  __dczerorl2.o ABSOLUTE
    ../clib/microlib/init/entry.s            0x00000000   Number         0  entry9a.o ABSOLUTE
    ../clib/microlib/init/entry.s            0x00000000   Number         0  entry.o ABSOLUTE
    ../clib/microlib/init/entry.s            0x00000000   Number         0  entry2.o ABSOLUTE
    ../clib/microlib/init/entry.s            0x00000000   Number         0  entry5.o ABSOLUTE
    ../clib/microlib/init/entry.s            0x00000000   Number         0  entry7a.o ABSOLUTE
    ../clib/microlib/init/entry.s            0x00000000   Number         0  entry7b.o ABSOLUTE
    ../clib/microlib/init/entry.s            0x00000000   Number         0  entry8a.o ABSOLUTE
    ../clib/microlib/init/entry.s            0x00000000   Number         0  entry9b.o ABSOLUTE
    ../clib/microlib/init/entry.s            0x00000000   Number         0  entry10b.o ABSOLUTE
    ../clib/microlib/init/entry.s            0x00000000   Number         0  entry8b.o ABSOLUTE
    ../clib/microlib/init/entry.s            0x00000000   Number         0  entry11b.o ABSOLUTE
    ../clib/microlib/init/entry.s            0x00000000   Number         0  entry11a.o ABSOLUTE
    ../clib/microlib/init/entry.s            0x00000000   Number         0  entry10a.o ABSOLUTE
    ../clib/microlib/string/memset.c         0x00000000   Number         0  memseta.o ABSOLUTE
    ../clib/microlib/string/strlen.c         0x00000000   Number         0  strlen.o ABSOLUTE
    Config\RTX_Conf_CM.c                     0x00000000   Number         0  rtx_conf_cm.o ABSOLUTE
    Gate.cpp                                 0x00000000   Number         0  gate.o ABSOLUTE
    Gate.cpp                                 0x00000000   Number         0  gate.o ABSOLUTE
    General.c                                0x00000000   Number         0  general.o ABSOLUTE
    General.c                                0x00000000   Number         0  general.o ABSOLUTE
    Manage.cpp                               0x00000000   Number         0  manage.o ABSOLUTE
    Manage.cpp                               0x00000000   Number         0  manage.o ABSOLUTE
    Master.cpp                               0x00000000   Number         0  master.o ABSOLUTE
    Master.cpp                               0x00000000   Number         0  master.o ABSOLUTE
    STM32F10x_StdPeriph_Lib_V3.5.0\Libraries\STM32F10x_StdPeriph_Driver\src\misc.c 0x00000000   Number         0  misc.o ABSOLUTE
    STM32F10x_StdPeriph_Lib_V3.5.0\Libraries\STM32F10x_StdPeriph_Driver\src\stm32f10x_dma.c 0x00000000   Number         0  stm32f10x_dma.o ABSOLUTE
    STM32F10x_StdPeriph_Lib_V3.5.0\Libraries\STM32F10x_StdPeriph_Driver\src\stm32f10x_exti.c 0x00000000   Number         0  stm32f10x_exti.o ABSOLUTE
    STM32F10x_StdPeriph_Lib_V3.5.0\Libraries\STM32F10x_StdPeriph_Driver\src\stm32f10x_flash.c 0x00000000   Number         0  stm32f10x_flash.o ABSOLUTE
    STM32F10x_StdPeriph_Lib_V3.5.0\Libraries\STM32F10x_StdPeriph_Driver\src\stm32f10x_gpio.c 0x00000000   Number         0  stm32f10x_gpio.o ABSOLUTE
    STM32F10x_StdPeriph_Lib_V3.5.0\Libraries\STM32F10x_StdPeriph_Driver\src\stm32f10x_pwr.c 0x00000000   Number         0  stm32f10x_pwr.o ABSOLUTE
    STM32F10x_StdPeriph_Lib_V3.5.0\Libraries\STM32F10x_StdPeriph_Driver\src\stm32f10x_rcc.c 0x00000000   Number         0  stm32f10x_rcc.o ABSOLUTE
    STM32F10x_StdPeriph_Lib_V3.5.0\Libraries\STM32F10x_StdPeriph_Driver\src\stm32f10x_rtc.c 0x00000000   Number         0  stm32f10x_rtc.o ABSOLUTE
    STM32F10x_StdPeriph_Lib_V3.5.0\Libraries\STM32F10x_StdPeriph_Driver\src\stm32f10x_usart.c 0x00000000   Number         0  stm32f10x_usart.o ABSOLUTE
    STM32F10x_StdPeriph_Lib_V3.5.0\\Libraries\\STM32F10x_StdPeriph_Driver\\src\\misc.c 0x00000000   Number         0  misc.o ABSOLUTE
    STM32F10x_StdPeriph_Lib_V3.5.0\\Libraries\\STM32F10x_StdPeriph_Driver\\src\\stm32f10x_dma.c 0x00000000   Number         0  stm32f10x_dma.o ABSOLUTE
    STM32F10x_StdPeriph_Lib_V3.5.0\\Libraries\\STM32F10x_StdPeriph_Driver\\src\\stm32f10x_exti.c 0x00000000   Number         0  stm32f10x_exti.o ABSOLUTE
    STM32F10x_StdPeriph_Lib_V3.5.0\\Libraries\\STM32F10x_StdPeriph_Driver\\src\\stm32f10x_flash.c 0x00000000   Number         0  stm32f10x_flash.o ABSOLUTE
    STM32F10x_StdPeriph_Lib_V3.5.0\\Libraries\\STM32F10x_StdPeriph_Driver\\src\\stm32f10x_gpio.c 0x00000000   Number         0  stm32f10x_gpio.o ABSOLUTE
    STM32F10x_StdPeriph_Lib_V3.5.0\\Libraries\\STM32F10x_StdPeriph_Driver\\src\\stm32f10x_pwr.c 0x00000000   Number         0  stm32f10x_pwr.o ABSOLUTE
    STM32F10x_StdPeriph_Lib_V3.5.0\\Libraries\\STM32F10x_StdPeriph_Driver\\src\\stm32f10x_rcc.c 0x00000000   Number         0  stm32f10x_rcc.o ABSOLUTE
    STM32F10x_StdPeriph_Lib_V3.5.0\\Libraries\\STM32F10x_StdPeriph_Driver\\src\\stm32f10x_rtc.c 0x00000000   Number         0  stm32f10x_rtc.o ABSOLUTE
    STM32F10x_StdPeriph_Lib_V3.5.0\\Libraries\\STM32F10x_StdPeriph_Driver\\src\\stm32f10x_usart.c 0x00000000   Number         0  stm32f10x_usart.o ABSOLUTE
    TaskManager.cpp                          0x00000000   Number         0  taskmanager.o ABSOLUTE
    dc.s                                     0x00000000   Number         0  dc.o ABSOLUTE
    handlers.s                               0x00000000   Number         0  handlers.o ABSOLUTE
    init.s                                   0x00000000   Number         0  init.o ABSOLUTE
    main.cpp                                 0x00000000   Number         0  main.o ABSOLUTE
    main.cpp                                 0x00000000   Number         0  main.o ABSOLUTE
    startup_stm32f10x_hd.s                   0x00000000   Number         0  startup_stm32f10x_hd.o ABSOLUTE
    system_stm32f10x.c                       0x00000000   Number         0  system_stm32f10x.o ABSOLUTE
    system_stm32f10x.c                       0x00000000   Number         0  system_stm32f10x.o ABSOLUTE
    RESET                                    0x08000000   Section      304  startup_stm32f10x_hd.o(RESET)
    .ARM.Collect$$$$00000000                 0x08000130   Section        0  entry.o(.ARM.Collect$$$$00000000)
    .ARM.Collect$$$$00000001                 0x08000130   Section        4  entry2.o(.ARM.Collect$$$$00000001)
    .ARM.Collect$$$$00000004                 0x08000134   Section        4  entry5.o(.ARM.Collect$$$$00000004)
    .ARM.Collect$$$$00000008                 0x08000138   Section        0  entry7b.o(.ARM.Collect$$$$00000008)
    .ARM.Collect$$$$0000000A                 0x08000138   Section        0  entry8b.o(.ARM.Collect$$$$0000000A)
    .ARM.Collect$$$$0000000B                 0x08000138   Section        8  entry9a.o(.ARM.Collect$$$$0000000B)
    .ARM.Collect$$$$0000000D                 0x08000140   Section        0  entry10a.o(.ARM.Collect$$$$0000000D)
    .ARM.Collect$$$$0000000F                 0x08000140   Section        0  entry11a.o(.ARM.Collect$$$$0000000F)
    .ARM.Collect$$$$00002712                 0x08000140   Section        4  entry2.o(.ARM.Collect$$$$00002712)
    __lit__00000000                          0x08000140   Data           4  entry2.o(.ARM.Collect$$$$00002712)
    .text                                    0x08000144   Section        0  system_stm32f10x.o(.text)
    SetSysClockTo72                          0x08000145   Thumb Code   212  system_stm32f10x.o(.text)
    SetSysClock                              0x08000219   Thumb Code     8  system_stm32f10x.o(.text)
    .text                                    0x08000320   Section        0  main.o(.text)
    .text                                    0x08000348   Section        0  general.o(.text)
    SysTick_Config                           0x08000349   Thumb Code    70  general.o(.text)
    NVIC_EnableIRQ                           0x080006ef   Thumb Code    24  general.o(.text)
    .text                                    0x08000748   Section       36  startup_stm32f10x_hd.o(.text)
    .text                                    0x0800076c   Section        0  gate.o(.text)
    .text                                    0x0800123c   Section        0  stm32f10x_gpio.o(.text)
    .text                                    0x08001594   Section        0  stm32f10x_rcc.o(.text)
    .text                                    0x08001938   Section        0  stm32f10x_usart.o(.text)
    .text                                    0x08001d40   Section        0  manage.o(.text)
    .text                                    0x08001d5e   Section        0  memseta.o(.text)
    .text                                    0x08001d82   Section        0  strlen.o(.text)
    .text                                    0x08001d90   Section       36  init.o(.text)
    .text                                    0x08001db4   Section        0  __dczerorl2.o(.text)
    i.__scatterload_copy                     0x08001e10   Section       14  handlers.o(i.__scatterload_copy)
    i.__scatterload_null                     0x08001e1e   Section        2  handlers.o(i.__scatterload_null)
    i.__scatterload_zeroinit                 0x08001e20   Section       14  handlers.o(i.__scatterload_zeroinit)
    .constdata                               0x08001e30   Section       40  rtx_conf_cm.o(.constdata)
    __tagsym$$used                           0x08001e44   Number         0  rtx_conf_cm.o(.constdata)
    __tagsym$$used                           0x08001e48   Number         0  rtx_conf_cm.o(.constdata)
    .data                                    0x20000000   Section       20  system_stm32f10x.o(.data)
    .data                                    0x20000014   Section      522  general.o(.data)
    auchCRCHi                                0x20000014   Data         256  general.o(.data)
    auchCRCLo                                0x20000114   Data         256  general.o(.data)
    .data                                    0x2000021e   Section       20  stm32f10x_rcc.o(.data)
    APBAHBPrescTable                         0x2000021e   Data          16  stm32f10x_rcc.o(.data)
    ADCPrescTable                            0x2000022e   Data           4  stm32f10x_rcc.o(.data)
    .bss                                     0x20000234   Section     1002  general.o(.bss)
    STACK                                    0x20000620   Section     2048  startup_stm32f10x_hd.o(STACK)

    Global Symbols

    Symbol Name                              Value     Ov Type        Size  Object(Section)

    BuildAttributes$$THM_ISAv4$P$D$K$B$S$PE$A:L22UL41UL21$X:L11$S22US41US21$IEEE1$IW$USESV6$~STKCKD$USESV7$~SHL$OSPACE$EBA8$MICROLIB$REQ8$PRES8$EABIv2 0x00000000   Number         0  anon$$obj.o ABSOLUTE
    __ARM_use_no_argv                        0x00000000   Number         0  main.o ABSOLUTE
    __cpp_initialize__aeabi_                  - Undefined Weak Reference
    __cxa_finalize                            - Undefined Weak Reference
    _clock_init                               - Undefined Weak Reference
    _microlib_exit                            - Undefined Weak Reference
    __Vectors_Size                           0x00000130   Number         0  startup_stm32f10x_hd.o ABSOLUTE
    __Vectors                                0x08000000   Data           4  startup_stm32f10x_hd.o(RESET)
    __Vectors_End                            0x08000130   Data           0  startup_stm32f10x_hd.o(RESET)
    __main                                   0x08000131   Thumb Code     0  entry.o(.ARM.Collect$$$$00000000)
    _main_stk                                0x08000131   Thumb Code     0  entry2.o(.ARM.Collect$$$$00000001)
    _main_scatterload                        0x08000135   Thumb Code     0  entry5.o(.ARM.Collect$$$$00000004)
    __main_after_scatterload                 0x08000139   Thumb Code     0  entry5.o(.ARM.Collect$$$$00000004)
    _main_clock                              0x08000139   Thumb Code     0  entry7b.o(.ARM.Collect$$$$00000008)
    _main_cpp_init                           0x08000139   Thumb Code     0  entry8b.o(.ARM.Collect$$$$0000000A)
    _main_init                               0x08000139   Thumb Code     0  entry9a.o(.ARM.Collect$$$$0000000B)
    __rt_final_cpp                           0x08000141   Thumb Code     0  entry10a.o(.ARM.Collect$$$$0000000D)
    __rt_final_exit                          0x08000141   Thumb Code     0  entry11a.o(.ARM.Collect$$$$0000000F)
    SystemInit                               0x08000221   Thumb Code    78  system_stm32f10x.o(.text)
    SystemCoreClockUpdate                    0x0800026f   Thumb Code   142  system_stm32f10x.o(.text)
    main                                     0x08000321   Thumb Code    38  main.o(.text)
    USART1_Config                            0x0800038f   Thumb Code   140  general.o(.text)
    USART2_Config                            0x0800041b   Thumb Code   122  general.o(.text)
    USART1_IRQHandler                        0x08000495   Thumb Code    32  general.o(.text)
    USART3_Config                            0x080004b5   Thumb Code   146  general.o(.text)
    SysTick_Handler                          0x08000547   Thumb Code    12  general.o(.text)
    delay_ms                                 0x08000553   Thumb Code    56  general.o(.text)
    USART2_IRQHandler                        0x0800058b   Thumb Code    62  general.o(.text)
    USART3_IRQHandler                        0x080005c9   Thumb Code    62  general.o(.text)
    UART_SendDataString                      0x08000607   Thumb Code   184  general.o(.text)
    CRC16                                    0x080006bf   Thumb Code    48  general.o(.text)
    Reset_Handler                            0x08000749   Thumb Code     8  startup_stm32f10x_hd.o(.text)
    NMI_Handler                              0x08000751   Thumb Code     2  startup_stm32f10x_hd.o(.text)
    HardFault_Handler                        0x08000753   Thumb Code     2  startup_stm32f10x_hd.o(.text)
    MemManage_Handler                        0x08000755   Thumb Code     2  startup_stm32f10x_hd.o(.text)
    BusFault_Handler                         0x08000757   Thumb Code     2  startup_stm32f10x_hd.o(.text)
    UsageFault_Handler                       0x08000759   Thumb Code     2  startup_stm32f10x_hd.o(.text)
    SVC_Handler                              0x0800075b   Thumb Code     2  startup_stm32f10x_hd.o(.text)
    DebugMon_Handler                         0x0800075d   Thumb Code     2  startup_stm32f10x_hd.o(.text)
    PendSV_Handler                           0x0800075f   Thumb Code     2  startup_stm32f10x_hd.o(.text)
    ADC1_2_IRQHandler                        0x08000763   Thumb Code     0  startup_stm32f10x_hd.o(.text)
    ADC3_IRQHandler                          0x08000763   Thumb Code     0  startup_stm32f10x_hd.o(.text)
    CAN1_RX1_IRQHandler                      0x08000763   Thumb Code     0  startup_stm32f10x_hd.o(.text)
    CAN1_SCE_IRQHandler                      0x08000763   Thumb Code     0  startup_stm32f10x_hd.o(.text)
    DMA1_Channel1_IRQHandler                 0x08000763   Thumb Code     0  startup_stm32f10x_hd.o(.text)
    DMA1_Channel2_IRQHandler                 0x08000763   Thumb Code     0  startup_stm32f10x_hd.o(.text)
    DMA1_Channel3_IRQHandler                 0x08000763   Thumb Code     0  startup_stm32f10x_hd.o(.text)
    DMA1_Channel4_IRQHandler                 0x08000763   Thumb Code     0  startup_stm32f10x_hd.o(.text)
    DMA1_Channel5_IRQHandler                 0x08000763   Thumb Code     0  startup_stm32f10x_hd.o(.text)
    DMA1_Channel6_IRQHandler                 0x08000763   Thumb Code     0  startup_stm32f10x_hd.o(.text)
    DMA1_Channel7_IRQHandler                 0x08000763   Thumb Code     0  startup_stm32f10x_hd.o(.text)
    DMA2_Channel1_IRQHandler                 0x08000763   Thumb Code     0  startup_stm32f10x_hd.o(.text)
    DMA2_Channel2_IRQHandler                 0x08000763   Thumb Code     0  startup_stm32f10x_hd.o(.text)
    DMA2_Channel3_IRQHandler                 0x08000763   Thumb Code     0  startup_stm32f10x_hd.o(.text)
    DMA2_Channel4_5_IRQHandler               0x08000763   Thumb Code     0  startup_stm32f10x_hd.o(.text)
    EXTI0_IRQHandler                         0x08000763   Thumb Code     0  startup_stm32f10x_hd.o(.text)
    EXTI15_10_IRQHandler                     0x08000763   Thumb Code     0  startup_stm32f10x_hd.o(.text)
    EXTI1_IRQHandler                         0x08000763   Thumb Code     0  startup_stm32f10x_hd.o(.text)
    EXTI2_IRQHandler                         0x08000763   Thumb Code     0  startup_stm32f10x_hd.o(.text)
    EXTI3_IRQHandler                         0x08000763   Thumb Code     0  startup_stm32f10x_hd.o(.text)
    EXTI4_IRQHandler                         0x08000763   Thumb Code     0  startup_stm32f10x_hd.o(.text)
    EXTI9_5_IRQHandler                       0x08000763   Thumb Code     0  startup_stm32f10x_hd.o(.text)
    FLASH_IRQHandler                         0x08000763   Thumb Code     0  startup_stm32f10x_hd.o(.text)
    FSMC_IRQHandler                          0x08000763   Thumb Code     0  startup_stm32f10x_hd.o(.text)
    I2C1_ER_IRQHandler                       0x08000763   Thumb Code     0  startup_stm32f10x_hd.o(.text)
    I2C1_EV_IRQHandler                       0x08000763   Thumb Code     0  startup_stm32f10x_hd.o(.text)
    I2C2_ER_IRQHandler                       0x08000763   Thumb Code     0  startup_stm32f10x_hd.o(.text)
    I2C2_EV_IRQHandler                       0x08000763   Thumb Code     0  startup_stm32f10x_hd.o(.text)
    PVD_IRQHandler                           0x08000763   Thumb Code     0  startup_stm32f10x_hd.o(.text)
    RCC_IRQHandler                           0x08000763   Thumb Code     0  startup_stm32f10x_hd.o(.text)
    RTCAlarm_IRQHandler                      0x08000763   Thumb Code     0  startup_stm32f10x_hd.o(.text)
    RTC_IRQHandler                           0x08000763   Thumb Code     0  startup_stm32f10x_hd.o(.text)
    SDIO_IRQHandler                          0x08000763   Thumb Code     0  startup_stm32f10x_hd.o(.text)
    SPI1_IRQHandler                          0x08000763   Thumb Code     0  startup_stm32f10x_hd.o(.text)
    SPI2_IRQHandler                          0x08000763   Thumb Code     0  startup_stm32f10x_hd.o(.text)
    SPI3_IRQHandler                          0x08000763   Thumb Code     0  startup_stm32f10x_hd.o(.text)
    TAMPER_IRQHandler                        0x08000763   Thumb Code     0  startup_stm32f10x_hd.o(.text)
    TIM1_BRK_IRQHandler                      0x08000763   Thumb Code     0  startup_stm32f10x_hd.o(.text)
    TIM1_CC_IRQHandler                       0x08000763   Thumb Code     0  startup_stm32f10x_hd.o(.text)
    TIM1_TRG_COM_IRQHandler                  0x08000763   Thumb Code     0  startup_stm32f10x_hd.o(.text)
    TIM1_UP_IRQHandler                       0x08000763   Thumb Code     0  startup_stm32f10x_hd.o(.text)
    TIM2_IRQHandler                          0x08000763   Thumb Code     0  startup_stm32f10x_hd.o(.text)
    TIM3_IRQHandler                          0x08000763   Thumb Code     0  startup_stm32f10x_hd.o(.text)
    TIM4_IRQHandler                          0x08000763   Thumb Code     0  startup_stm32f10x_hd.o(.text)
    TIM5_IRQHandler                          0x08000763   Thumb Code     0  startup_stm32f10x_hd.o(.text)
    TIM6_IRQHandler                          0x08000763   Thumb Code     0  startup_stm32f10x_hd.o(.text)
    TIM7_IRQHandler                          0x08000763   Thumb Code     0  startup_stm32f10x_hd.o(.text)
    TIM8_BRK_IRQHandler                      0x08000763   Thumb Code     0  startup_stm32f10x_hd.o(.text)
    TIM8_CC_IRQHandler                       0x08000763   Thumb Code     0  startup_stm32f10x_hd.o(.text)
    TIM8_TRG_COM_IRQHandler                  0x08000763   Thumb Code     0  startup_stm32f10x_hd.o(.text)
    TIM8_UP_IRQHandler                       0x08000763   Thumb Code     0  startup_stm32f10x_hd.o(.text)
    UART4_IRQHandler                         0x08000763   Thumb Code     0  startup_stm32f10x_hd.o(.text)
    UART5_IRQHandler                         0x08000763   Thumb Code     0  startup_stm32f10x_hd.o(.text)
    USBWakeUp_IRQHandler                     0x08000763   Thumb Code     0  startup_stm32f10x_hd.o(.text)
    USB_HP_CAN1_TX_IRQHandler                0x08000763   Thumb Code     0  startup_stm32f10x_hd.o(.text)
    USB_LP_CAN1_RX0_IRQHandler               0x08000763   Thumb Code     0  startup_stm32f10x_hd.o(.text)
    WWDG_IRQHandler                          0x08000763   Thumb Code     0  startup_stm32f10x_hd.o(.text)
    Gate::mvoid_ComputeCheckSum_String(unsigned char, unsigned char*) 0x0800076d   Thumb Code   112  gate.o(.text)
    Gate::mvoid_EncodeDataPortocl(unsigned char, unsigned char&, unsigned char&) 0x080007dd   Thumb Code    38  gate.o(.text)
    Gate::mvoid_EncodeRegPortocl(unsigned char, unsigned char&, unsigned char&) 0x08000803   Thumb Code    38  gate.o(.text)
    Gate::mvoid_SetOneRegister(unsigned char, unsigned char) 0x08000829   Thumb Code   162  gate.o(.text)
    Gate::mvoid_SetRegisters(unsigned char, unsigned char*, unsigned char) 0x080008cb   Thumb Code   254  gate.o(.text)
    Gate::mvoid_ComputeCheckSum(unsigned char, unsigned char) 0x080009c9   Thumb Code    44  gate.o(.text)
    Gate::mvoid_DecodeDataPortocl(unsigned char&, unsigned char, unsigned char) 0x080009f5   Thumb Code    28  gate.o(.text)
    Gate::mvoid_RegisterRequest(unsigned char) 0x08000a11   Thumb Code   104  gate.o(.text)
    Gate::muchar_XorFunctionCheck(unsigned char*, unsigned char) 0x08000a79   Thumb Code    38  gate.o(.text)
    Gate::mvoid_GetAlarms()                  0x08000a9f   Thumb Code   168  gate.o(.text)
    Gate::mbool_Poll()                       0x08000b47   Thumb Code   120  gate.o(.text)
    Gate::mvoid_GetCounter(unsigned char)    0x08000bbf   Thumb Code   412  gate.o(.text)
    Gate::mvoid_SetConfig(unsigned char)     0x08000d5b   Thumb Code   816  gate.o(.text)
    Gate::mvoid_ClearCountAB()               0x0800108b   Thumb Code   102  gate.o(.text)
    Gate::mvoid_OneFreePassage(unsigned char) 0x080010f1   Thumb Code    44  gate.o(.text)
    Gate::muchar_GetConfig()                 0x0800111d   Thumb Code   286  gate.o(.text)
    GPIO_DeInit                              0x0800123d   Thumb Code   172  stm32f10x_gpio.o(.text)
    GPIO_AFIODeInit                          0x080012e9   Thumb Code    20  stm32f10x_gpio.o(.text)
    GPIO_Init                                0x080012fd   Thumb Code   274  stm32f10x_gpio.o(.text)
    GPIO_StructInit                          0x0800140f   Thumb Code    16  stm32f10x_gpio.o(.text)
    GPIO_ReadInputDataBit                    0x0800141f   Thumb Code    18  stm32f10x_gpio.o(.text)
    GPIO_ReadInputData                       0x08001431   Thumb Code     8  stm32f10x_gpio.o(.text)
    GPIO_ReadOutputDataBit                   0x08001439   Thumb Code    18  stm32f10x_gpio.o(.text)
    GPIO_ReadOutputData                      0x0800144b   Thumb Code     8  stm32f10x_gpio.o(.text)
    GPIO_SetBits                             0x08001453   Thumb Code     4  stm32f10x_gpio.o(.text)
    GPIO_ResetBits                           0x08001457   Thumb Code     4  stm32f10x_gpio.o(.text)
    GPIO_WriteBit                            0x0800145b   Thumb Code    10  stm32f10x_gpio.o(.text)
    GPIO_Write                               0x08001465   Thumb Code     4  stm32f10x_gpio.o(.text)
    GPIO_PinLockConfig                       0x08001469   Thumb Code    18  stm32f10x_gpio.o(.text)
    GPIO_EventOutputConfig                   0x0800147b   Thumb Code    26  stm32f10x_gpio.o(.text)
    GPIO_EventOutputCmd                      0x08001495   Thumb Code     6  stm32f10x_gpio.o(.text)
    GPIO_PinRemapConfig                      0x0800149b   Thumb Code   138  stm32f10x_gpio.o(.text)
    GPIO_EXTILineConfig                      0x08001525   Thumb Code    66  stm32f10x_gpio.o(.text)
    GPIO_ETH_MediaInterfaceConfig            0x08001567   Thumb Code     6  stm32f10x_gpio.o(.text)
    RCC_DeInit                               0x08001595   Thumb Code    64  stm32f10x_rcc.o(.text)
    RCC_HSEConfig                            0x080015d5   Thumb Code    70  stm32f10x_rcc.o(.text)
    RCC_GetFlagStatus                        0x0800161b   Thumb Code    56  stm32f10x_rcc.o(.text)
    RCC_WaitForHSEStartUp                    0x08001653   Thumb Code    56  stm32f10x_rcc.o(.text)
    RCC_AdjustHSICalibrationValue            0x0800168b   Thumb Code    20  stm32f10x_rcc.o(.text)
    RCC_HSICmd                               0x0800169f   Thumb Code     6  stm32f10x_rcc.o(.text)
    RCC_PLLConfig                            0x080016a5   Thumb Code    24  stm32f10x_rcc.o(.text)
    RCC_PLLCmd                               0x080016bd   Thumb Code     6  stm32f10x_rcc.o(.text)
    RCC_SYSCLKConfig                         0x080016c3   Thumb Code    18  stm32f10x_rcc.o(.text)
    RCC_GetSYSCLKSource                      0x080016d5   Thumb Code    10  stm32f10x_rcc.o(.text)
    RCC_HCLKConfig                           0x080016df   Thumb Code    18  stm32f10x_rcc.o(.text)
    RCC_PCLK1Config                          0x080016f1   Thumb Code    18  stm32f10x_rcc.o(.text)
    RCC_PCLK2Config                          0x08001703   Thumb Code    20  stm32f10x_rcc.o(.text)
    RCC_ITConfig                             0x08001717   Thumb Code    26  stm32f10x_rcc.o(.text)
    RCC_USBCLKConfig                         0x08001731   Thumb Code     6  stm32f10x_rcc.o(.text)
    RCC_ADCCLKConfig                         0x08001737   Thumb Code    18  stm32f10x_rcc.o(.text)
    RCC_LSEConfig                            0x08001749   Thumb Code    44  stm32f10x_rcc.o(.text)
    RCC_LSICmd                               0x08001775   Thumb Code     6  stm32f10x_rcc.o(.text)
    RCC_RTCCLKConfig                         0x0800177b   Thumb Code    12  stm32f10x_rcc.o(.text)
    RCC_RTCCLKCmd                            0x08001787   Thumb Code     8  stm32f10x_rcc.o(.text)
    RCC_GetClocksFreq                        0x0800178f   Thumb Code   192  stm32f10x_rcc.o(.text)
    RCC_AHBPeriphClockCmd                    0x0800184f   Thumb Code    26  stm32f10x_rcc.o(.text)
    RCC_APB2PeriphClockCmd                   0x08001869   Thumb Code    26  stm32f10x_rcc.o(.text)
    RCC_APB1PeriphClockCmd                   0x08001883   Thumb Code    26  stm32f10x_rcc.o(.text)
    RCC_APB2PeriphResetCmd                   0x0800189d   Thumb Code    26  stm32f10x_rcc.o(.text)
    RCC_APB1PeriphResetCmd                   0x080018b7   Thumb Code    26  stm32f10x_rcc.o(.text)
    RCC_BackupResetCmd                       0x080018d1   Thumb Code     8  stm32f10x_rcc.o(.text)
    RCC_ClockSecuritySystemCmd               0x080018d9   Thumb Code     6  stm32f10x_rcc.o(.text)
    RCC_MCOConfig                            0x080018df   Thumb Code     6  stm32f10x_rcc.o(.text)
    RCC_ClearFlag                            0x080018e5   Thumb Code    14  stm32f10x_rcc.o(.text)
    RCC_GetITStatus                          0x080018f3   Thumb Code    20  stm32f10x_rcc.o(.text)
    RCC_ClearITPendingBit                    0x08001907   Thumb Code     6  stm32f10x_rcc.o(.text)
    USART_DeInit                             0x08001939   Thumb Code   134  stm32f10x_usart.o(.text)
    USART_Init                               0x080019bf   Thumb Code   210  stm32f10x_usart.o(.text)
    USART_StructInit                         0x08001a91   Thumb Code    24  stm32f10x_usart.o(.text)
    USART_ClockInit                          0x08001aa9   Thumb Code    34  stm32f10x_usart.o(.text)
    USART_ClockStructInit                    0x08001acb   Thumb Code    12  stm32f10x_usart.o(.text)
    USART_Cmd                                0x08001ad7   Thumb Code    24  stm32f10x_usart.o(.text)
    USART_ITConfig                           0x08001aef   Thumb Code    74  stm32f10x_usart.o(.text)
    USART_DMACmd                             0x08001b39   Thumb Code    18  stm32f10x_usart.o(.text)
    USART_SetAddress                         0x08001b4b   Thumb Code    18  stm32f10x_usart.o(.text)
    USART_WakeUpConfig                       0x08001b5d   Thumb Code    18  stm32f10x_usart.o(.text)
    USART_ReceiverWakeUpCmd                  0x08001b6f   Thumb Code    24  stm32f10x_usart.o(.text)
    USART_LINBreakDetectLengthConfig         0x08001b87   Thumb Code    18  stm32f10x_usart.o(.text)
    USART_LINCmd                             0x08001b99   Thumb Code    24  stm32f10x_usart.o(.text)
    USART_SendData                           0x08001bb1   Thumb Code     8  stm32f10x_usart.o(.text)
    USART_ReceiveData                        0x08001bb9   Thumb Code    10  stm32f10x_usart.o(.text)
    USART_SendBreak                          0x08001bc3   Thumb Code    10  stm32f10x_usart.o(.text)
    USART_SetGuardTime                       0x08001bcd   Thumb Code    16  stm32f10x_usart.o(.text)
    USART_SetPrescaler                       0x08001bdd   Thumb Code    16  stm32f10x_usart.o(.text)
    USART_SmartCardCmd                       0x08001bed   Thumb Code    24  stm32f10x_usart.o(.text)
    USART_SmartCardNACKCmd                   0x08001c05   Thumb Code    24  stm32f10x_usart.o(.text)
    USART_HalfDuplexCmd                      0x08001c1d   Thumb Code    24  stm32f10x_usart.o(.text)
    USART_OverSampling8Cmd                   0x08001c35   Thumb Code    22  stm32f10x_usart.o(.text)
    USART_OneBitMethodCmd                    0x08001c4b   Thumb Code    24  stm32f10x_usart.o(.text)
    USART_IrDAConfig                         0x08001c63   Thumb Code    18  stm32f10x_usart.o(.text)
    USART_IrDACmd                            0x08001c75   Thumb Code    24  stm32f10x_usart.o(.text)
    USART_GetFlagStatus                      0x08001c8d   Thumb Code    26  stm32f10x_usart.o(.text)
    USART_ClearFlag                          0x08001ca7   Thumb Code    18  stm32f10x_usart.o(.text)
    USART_GetITStatus                        0x08001cb9   Thumb Code    84  stm32f10x_usart.o(.text)
    USART_ClearITPendingBit                  0x08001d0d   Thumb Code    52  stm32f10x_usart.o(.text)
    Manage::Manage()                         0x08001d41   Thumb Code     4  manage.o(.text)
    Manage::Manage__sub_object()             0x08001d41   Thumb Code     0  manage.o(.text)
    Manage::GateManage()                     0x08001d45   Thumb Code     2  manage.o(.text)
    Manage::MasterManage()                   0x08001d47   Thumb Code    24  manage.o(.text)
    __aeabi_memset                           0x08001d5f   Thumb Code    14  memseta.o(.text)
    __aeabi_memset4                          0x08001d5f   Thumb Code     0  memseta.o(.text)
    __aeabi_memset8                          0x08001d5f   Thumb Code     0  memseta.o(.text)
    __aeabi_memclr                           0x08001d6d   Thumb Code     4  memseta.o(.text)
    __aeabi_memclr4                          0x08001d6d   Thumb Code     0  memseta.o(.text)
    __aeabi_memclr8                          0x08001d6d   Thumb Code     0  memseta.o(.text)
    _memset$wrapper                          0x08001d71   Thumb Code    18  memseta.o(.text)
    strlen                                   0x08001d83   Thumb Code    14  strlen.o(.text)
    __scatterload                            0x08001d91   Thumb Code    28  init.o(.text)
    __scatterload_rt2                        0x08001d91   Thumb Code     0  init.o(.text)
    __decompress                             0x08001db5   Thumb Code     0  __dczerorl2.o(.text)
    __decompress1                            0x08001db5   Thumb Code    92  __dczerorl2.o(.text)
    __scatterload_copy                       0x08001e11   Thumb Code    14  handlers.o(i.__scatterload_copy)
    __scatterload_null                       0x08001e1f   Thumb Code     2  handlers.o(i.__scatterload_null)
    __scatterload_zeroinit                   0x08001e21   Thumb Code    14  handlers.o(i.__scatterload_zeroinit)
    os_maxtaskrun                            0x08001e30   Data           2  rtx_conf_cm.o(.constdata)
    os_stackinfo                             0x08001e34   Data           4  rtx_conf_cm.o(.constdata)
    os_rrobin                                0x08001e38   Data           4  rtx_conf_cm.o(.constdata)
    os_trv                                   0x08001e3c   Data           4  rtx_conf_cm.o(.constdata)
    os_flags                                 0x08001e40   Data           1  rtx_conf_cm.o(.constdata)
    os_clockrate                             0x08001e44   Data           4  rtx_conf_cm.o(.constdata)
    os_timernum                              0x08001e48   Data           4  rtx_conf_cm.o(.constdata)
    mp_tcb_size                              0x08001e4c   Data           2  rtx_conf_cm.o(.constdata)
    mp_stk_size                              0x08001e50   Data           4  rtx_conf_cm.o(.constdata)
    os_fifo_size                             0x08001e54   Data           1  rtx_conf_cm.o(.constdata)
    mp_tmr_size                              0x08001e56   Data           2  rtx_conf_cm.o(.constdata)
    Region$$Table$$Base                      0x08001e58   Number         0  anon$$obj.o(Region$$Table)
    Region$$Table$$Limit                     0x08001e78   Number         0  anon$$obj.o(Region$$Table)
    SystemCoreClock                          0x20000000   Data           4  system_stm32f10x.o(.data)
    AHBPrescTable                            0x20000004   Data          16  system_stm32f10x.o(.data)
    Usart1Connection                         0x20000214   Data           1  general.o(.data)
    Usart2Connection                         0x20000215   Data           1  general.o(.data)
    Usart3Connection                         0x20000216   Data           1  general.o(.data)
    ticktime                                 0x20000218   Data           4  general.o(.data)
    crc16                                    0x2000021c   Data           2  general.o(.data)
    masterBuffer                             0x20000234   Data         250  general.o(.bss)
    gateBuffer                               0x2000032e   Data         250  general.o(.bss)
    GateBuffer                               0x20000428   Data         251  general.o(.bss)
    MasterBuffer                             0x20000523   Data         251  general.o(.bss)
    __initial_sp                             0x20000e20   Data           0  startup_stm32f10x_hd.o(STACK)



==============================================================================

Memory Map of the image

  Image Entry point : 0x08000131

  Load Region LR_IROM1 (Base: 0x08000000, Size: 0x000020ac, Max: 0x00080000, ABSOLUTE, COMPRESSED[0x00001fbc])

    Execution Region ER_IROM1 (Base: 0x08000000, Size: 0x00001e78, Max: 0x00080000, ABSOLUTE)

    Base Addr    Size         Type   Attr      Idx    E Section Name        Object

    0x08000000   0x00000130   Data   RO          204    RESET               startup_stm32f10x_hd.o
    0x08000130   0x00000000   Code   RO          496  * .ARM.Collect$$$$00000000  mc_w.l(entry.o)
    0x08000130   0x00000004   Code   RO          503    .ARM.Collect$$$$00000001  mc_w.l(entry2.o)
    0x08000134   0x00000004   Code   RO          506    .ARM.Collect$$$$00000004  mc_w.l(entry5.o)
    0x08000138   0x00000000   Code   RO          508    .ARM.Collect$$$$00000008  mc_w.l(entry7b.o)
    0x08000138   0x00000000   Code   RO          510    .ARM.Collect$$$$0000000A  mc_w.l(entry8b.o)
    0x08000138   0x00000008   Code   RO          511    .ARM.Collect$$$$0000000B  mc_w.l(entry9a.o)
    0x08000140   0x00000000   Code   RO          513    .ARM.Collect$$$$0000000D  mc_w.l(entry10a.o)
    0x08000140   0x00000000   Code   RO          515    .ARM.Collect$$$$0000000F  mc_w.l(entry11a.o)
    0x08000140   0x00000004   Code   RO          504    .ARM.Collect$$$$00002712  mc_w.l(entry2.o)
    0x08000144   0x000001dc   Code   RO            3    .text               system_stm32f10x.o
    0x08000320   0x00000026   Code   RO           51    .text               main.o
    0x08000346   0x00000002   PAD
    0x08000348   0x00000400   Code   RO          144    .text               general.o
    0x08000748   0x00000024   Code   RO          205    .text               startup_stm32f10x_hd.o
    0x0800076c   0x00000ace   Code   RO          234    .text               gate.o
    0x0800123a   0x00000002   PAD
    0x0800123c   0x00000358   Code   RO          345    .text               stm32f10x_gpio.o
    0x08001594   0x000003a4   Code   RO          388    .text               stm32f10x_rcc.o
    0x08001938   0x00000408   Code   RO          430    .text               stm32f10x_usart.o
    0x08001d40   0x0000001e   Code   RO          450    .text               manage.o
    0x08001d5e   0x00000024   Code   RO          499    .text               mc_w.l(memseta.o)
    0x08001d82   0x0000000e   Code   RO          501    .text               mc_w.l(strlen.o)
    0x08001d90   0x00000024   Code   RO          517    .text               mc_w.l(init.o)
    0x08001db4   0x0000005c   Code   RO          527    .text               mc_w.l(__dczerorl2.o)
    0x08001e10   0x0000000e   Code   RO          521    i.__scatterload_copy  mc_w.l(handlers.o)
    0x08001e1e   0x00000002   Code   RO          522    i.__scatterload_null  mc_w.l(handlers.o)
    0x08001e20   0x0000000e   Code   RO          523    i.__scatterload_zeroinit  mc_w.l(handlers.o)
    0x08001e2e   0x00000002   PAD
    0x08001e30   0x00000028   Data   RO          211    .constdata          rtx_conf_cm.o
    0x08001e58   0x00000020   Data   RO          519    Region$$Table       anon$$obj.o


    Execution Region RW_IRAM1 (Base: 0x20000000, Size: 0x00000e20, Max: 0x00010000, ABSOLUTE, COMPRESSED[0x00000144])

    Base Addr    Size         Type   Attr      Idx    E Section Name        Object

    0x20000000   0x00000014   Data   RW            4    .data               system_stm32f10x.o
    0x20000014   0x0000020a   Data   RW          146    .data               general.o
    0x2000021e   0x00000014   Data   RW          389    .data               stm32f10x_rcc.o
    0x20000232   0x00000002   PAD
    0x20000234   0x000003ea   Zero   RW          145    .bss                general.o
    0x2000061e   0x00000002   PAD
    0x20000620   0x00000800   Zero   RW          202    STACK               startup_stm32f10x_hd.o


==============================================================================

Image component sizes


      Code (inc. data)   RO Data    RW Data    ZI Data      Debug   Object Name

      2766         24          0          0          0       6616   gate.o
      1024         66          0        522       1002      49716   general.o
        38          0          0          0          0       6183   main.o
        30          0          0          0          0        712   manage.o
         0          0         40          0          0       7887   rtx_conf_cm.o
        36          8        304          0       2048        700   startup_stm32f10x_hd.o
       856         40          0          0          0       5753   stm32f10x_gpio.o
       932         44          0         20          0       8904   stm32f10x_rcc.o
      1032         22          0          0          0       8472   stm32f10x_usart.o
       476         36          0         20          0     208851   system_stm32f10x.o

    ----------------------------------------------------------------------
      7194        240        376        564       3052     303794   Object Totals
         0          0         32          0          0          0   (incl. Generated)
         4          0          0          2          2          0   (incl. Padding)

    ----------------------------------------------------------------------

      Code (inc. data)   RO Data    RW Data    ZI Data      Debug   Library Member Name

        92          0          0          0          0          0   __dczerorl2.o
         0          0          0          0          0          0   entry.o
         0          0          0          0          0          0   entry10a.o
         0          0          0          0          0          0   entry11a.o
         8          4          0          0          0          0   entry2.o
         4          0          0          0          0          0   entry5.o
         0          0          0          0          0          0   entry7b.o
         0          0          0          0          0          0   entry8b.o
         8          4          0          0          0          0   entry9a.o
        30          0          0          0          0          0   handlers.o
        36          8          0          0          0         68   init.o
        36          0          0          0          0        108   memseta.o
        14          0          0          0          0         68   strlen.o

    ----------------------------------------------------------------------
       230         16          0          0          0        244   Library Totals
         2          0          0          0          0          0   (incl. Padding)

    ----------------------------------------------------------------------

      Code (inc. data)   RO Data    RW Data    ZI Data      Debug   Library Name

       228         16          0          0          0        244   mc_w.l

    ----------------------------------------------------------------------
       230         16          0          0          0        244   Library Totals

    ----------------------------------------------------------------------

==============================================================================


      Code (inc. data)   RO Data    RW Data    ZI Data      Debug   

      7424        256        376        564       3052     303258   Grand Totals
      7424        256        376        324       3052     303258   ELF Image Totals (compressed)
      7424        256        376        324          0          0   ROM Totals

==============================================================================

    Total RO  Size (Code + RO Data)                 7800 (   7.62kB)
    Total RW  Size (RW Data + ZI Data)              3616 (   3.53kB)
    Total ROM Size (Code + RO Data + RW Data)       8124 (   7.93kB)

==============================================================================

